// Jest Snapshot v1, https://goo.gl/fbAQLP

exports[`CdkPipeline snapshot test 1`] = `
{
  "Mappings": {
    "LatestNodeRuntimeMap": {
      "af-south-1": {
        "value": "nodejs20.x",
      },
      "ap-east-1": {
        "value": "nodejs20.x",
      },
      "ap-northeast-1": {
        "value": "nodejs20.x",
      },
      "ap-northeast-2": {
        "value": "nodejs20.x",
      },
      "ap-northeast-3": {
        "value": "nodejs20.x",
      },
      "ap-south-1": {
        "value": "nodejs20.x",
      },
      "ap-south-2": {
        "value": "nodejs20.x",
      },
      "ap-southeast-1": {
        "value": "nodejs20.x",
      },
      "ap-southeast-2": {
        "value": "nodejs20.x",
      },
      "ap-southeast-3": {
        "value": "nodejs20.x",
      },
      "ap-southeast-4": {
        "value": "nodejs20.x",
      },
      "ca-central-1": {
        "value": "nodejs20.x",
      },
      "cn-north-1": {
        "value": "nodejs18.x",
      },
      "cn-northwest-1": {
        "value": "nodejs18.x",
      },
      "eu-central-1": {
        "value": "nodejs20.x",
      },
      "eu-central-2": {
        "value": "nodejs20.x",
      },
      "eu-north-1": {
        "value": "nodejs20.x",
      },
      "eu-south-1": {
        "value": "nodejs20.x",
      },
      "eu-south-2": {
        "value": "nodejs20.x",
      },
      "eu-west-1": {
        "value": "nodejs20.x",
      },
      "eu-west-2": {
        "value": "nodejs20.x",
      },
      "eu-west-3": {
        "value": "nodejs20.x",
      },
      "il-central-1": {
        "value": "nodejs20.x",
      },
      "me-central-1": {
        "value": "nodejs20.x",
      },
      "me-south-1": {
        "value": "nodejs20.x",
      },
      "sa-east-1": {
        "value": "nodejs20.x",
      },
      "us-east-1": {
        "value": "nodejs20.x",
      },
      "us-east-2": {
        "value": "nodejs20.x",
      },
      "us-gov-east-1": {
        "value": "nodejs18.x",
      },
      "us-gov-west-1": {
        "value": "nodejs18.x",
      },
      "us-iso-east-1": {
        "value": "nodejs18.x",
      },
      "us-iso-west-1": {
        "value": "nodejs18.x",
      },
      "us-isob-east-1": {
        "value": "nodejs18.x",
      },
      "us-west-1": {
        "value": "nodejs20.x",
      },
      "us-west-2": {
        "value": "nodejs20.x",
      },
    },
  },
  "Parameters": {
    "BootstrapVersion": {
      "Default": "/cdk-bootstrap/hnb659fds/version",
      "Description": "Version of the CDK Bootstrap resources in this environment, automatically retrieved from SSM Parameter Store. [cdk:skip]",
      "Type": "AWS::SSM::Parameter::Value<String>",
    },
  },
  "Resources": {
    "CustomS3AutoDeleteObjectsCustomResourceProviderHandler9D90184F": {
      "DependsOn": [
        "CustomS3AutoDeleteObjectsCustomResourceProviderRole3B1BD092",
      ],
      "Properties": {
        "Code": {
          "S3Bucket": {
            "Fn::Sub": "cdk-hnb659fds-assets-\${AWS::AccountId}-\${AWS::Region}",
          },
          "S3Key": "2eb6a831b107939f63cfebf68e6316e1a40f79fc99cae0fee9b333bac8d29bc4.zip",
        },
        "Description": {
          "Fn::Join": [
            "",
            [
              "Lambda function for auto-deleting objects in ",
              {
                "Ref": "PipelineArtifactBucketD127CCF6",
              },
              " S3 bucket.",
            ],
          ],
        },
        "Handler": "index.handler",
        "MemorySize": 128,
        "Role": {
          "Fn::GetAtt": [
            "CustomS3AutoDeleteObjectsCustomResourceProviderRole3B1BD092",
            "Arn",
          ],
        },
        "Runtime": {
          "Fn::FindInMap": [
            "LatestNodeRuntimeMap",
            {
              "Ref": "AWS::Region",
            },
            "value",
          ],
        },
        "Timeout": 900,
      },
      "Type": "AWS::Lambda::Function",
    },
    "CustomS3AutoDeleteObjectsCustomResourceProviderRole3B1BD092": {
      "Properties": {
        "AssumeRolePolicyDocument": {
          "Statement": [
            {
              "Action": "sts:AssumeRole",
              "Effect": "Allow",
              "Principal": {
                "Service": "lambda.amazonaws.com",
              },
            },
          ],
          "Version": "2012-10-17",
        },
        "ManagedPolicyArns": [
          {
            "Fn::Sub": "arn:\${AWS::Partition}:iam::aws:policy/service-role/AWSLambdaBasicExecutionRole",
          },
        ],
      },
      "Type": "AWS::IAM::Role",
    },
    "LogGroupF5B46931": {
      "DeletionPolicy": "Delete",
      "Properties": {
        "RetentionInDays": 3,
      },
      "Type": "AWS::Logs::LogGroup",
      "UpdateReplacePolicy": "Delete",
    },
    "MyProject39F7B0AE": {
      "Properties": {
        "Artifacts": {
          "Type": "CODEPIPELINE",
        },
        "Cache": {
          "Type": "NO_CACHE",
        },
        "EncryptionKey": "alias/aws/s3",
        "Environment": {
          "ComputeType": "BUILD_GENERAL1_SMALL",
          "Image": "aws/codebuild/amazonlinux2-x86_64-standard:5.0",
          "ImagePullCredentialsType": "CODEBUILD",
          "PrivilegedMode": false,
          "Type": "LINUX_CONTAINER",
        },
        "LogsConfig": {
          "CloudWatchLogs": {
            "GroupName": {
              "Ref": "LogGroupF5B46931",
            },
            "Status": "ENABLED",
          },
        },
        "Name": "project-name",
        "ServiceRole": {
          "Fn::GetAtt": [
            "MyProjectRole9BBE5233",
            "Arn",
          ],
        },
        "Source": {
          "Type": "CODEPIPELINE",
        },
      },
      "Type": "AWS::CodeBuild::Project",
    },
    "MyProjectRole9BBE5233": {
      "Properties": {
        "AssumeRolePolicyDocument": {
          "Statement": [
            {
              "Action": "sts:AssumeRole",
              "Effect": "Allow",
              "Principal": {
                "Service": "codebuild.amazonaws.com",
              },
            },
          ],
          "Version": "2012-10-17",
        },
      },
      "Type": "AWS::IAM::Role",
    },
    "MyProjectRoleDefaultPolicyB19B7C29": {
      "Properties": {
        "PolicyDocument": {
          "Statement": [
            {
              "Action": [
                "logs:CreateLogStream",
                "logs:PutLogEvents",
              ],
              "Effect": "Allow",
              "Resource": {
                "Fn::GetAtt": [
                  "LogGroupF5B46931",
                  "Arn",
                ],
              },
            },
            {
              "Action": [
                "logs:CreateLogGroup",
                "logs:CreateLogStream",
                "logs:PutLogEvents",
              ],
              "Effect": "Allow",
              "Resource": [
                {
                  "Fn::Join": [
                    "",
                    [
                      "arn:",
                      {
                        "Ref": "AWS::Partition",
                      },
                      ":logs:",
                      {
                        "Ref": "AWS::Region",
                      },
                      ":",
                      {
                        "Ref": "AWS::AccountId",
                      },
                      ":log-group:/aws/codebuild/",
                      {
                        "Ref": "MyProject39F7B0AE",
                      },
                    ],
                  ],
                },
                {
                  "Fn::Join": [
                    "",
                    [
                      "arn:",
                      {
                        "Ref": "AWS::Partition",
                      },
                      ":logs:",
                      {
                        "Ref": "AWS::Region",
                      },
                      ":",
                      {
                        "Ref": "AWS::AccountId",
                      },
                      ":log-group:/aws/codebuild/",
                      {
                        "Ref": "MyProject39F7B0AE",
                      },
                      ":*",
                    ],
                  ],
                },
              ],
            },
            {
              "Action": [
                "codebuild:CreateReportGroup",
                "codebuild:CreateReport",
                "codebuild:UpdateReport",
                "codebuild:BatchPutTestCases",
                "codebuild:BatchPutCodeCoverages",
              ],
              "Effect": "Allow",
              "Resource": {
                "Fn::Join": [
                  "",
                  [
                    "arn:",
                    {
                      "Ref": "AWS::Partition",
                    },
                    ":codebuild:",
                    {
                      "Ref": "AWS::Region",
                    },
                    ":",
                    {
                      "Ref": "AWS::AccountId",
                    },
                    ":report-group/",
                    {
                      "Ref": "MyProject39F7B0AE",
                    },
                    "-*",
                  ],
                ],
              },
            },
            {
              "Action": "s3:*",
              "Effect": "Allow",
              "Resource": "*",
            },
            {
              "Action": [
                "s3:GetObject*",
                "s3:GetBucket*",
                "s3:List*",
                "s3:DeleteObject*",
                "s3:PutObject",
                "s3:PutObjectLegalHold",
                "s3:PutObjectRetention",
                "s3:PutObjectTagging",
                "s3:PutObjectVersionTagging",
                "s3:Abort*",
              ],
              "Effect": "Allow",
              "Resource": [
                {
                  "Fn::GetAtt": [
                    "PipelineArtifactBucketD127CCF6",
                    "Arn",
                  ],
                },
                {
                  "Fn::Join": [
                    "",
                    [
                      {
                        "Fn::GetAtt": [
                          "PipelineArtifactBucketD127CCF6",
                          "Arn",
                        ],
                      },
                      "/*",
                    ],
                  ],
                },
              ],
            },
          ],
          "Version": "2012-10-17",
        },
        "PolicyName": "MyProjectRoleDefaultPolicyB19B7C29",
        "Roles": [
          {
            "Ref": "MyProjectRole9BBE5233",
          },
        ],
      },
      "Type": "AWS::IAM::Policy",
    },
    "PipelineArtifactBucketAutoDeleteObjectsCustomResource00FE3AE7": {
      "DeletionPolicy": "Delete",
      "DependsOn": [
        "PipelineArtifactBucketPolicyC0FB57EC",
      ],
      "Properties": {
        "BucketName": {
          "Ref": "PipelineArtifactBucketD127CCF6",
        },
        "ServiceToken": {
          "Fn::GetAtt": [
            "CustomS3AutoDeleteObjectsCustomResourceProviderHandler9D90184F",
            "Arn",
          ],
        },
      },
      "Type": "Custom::S3AutoDeleteObjects",
      "UpdateReplacePolicy": "Delete",
    },
    "PipelineArtifactBucketD127CCF6": {
      "DeletionPolicy": "Delete",
      "Properties": {
        "BucketName": "bucket-name",
        "LifecycleConfiguration": {
          "Rules": [
            {
              "ExpirationInDays": 3,
              "Id": "expire-after-3-days",
              "Status": "Enabled",
            },
          ],
        },
        "Tags": [
          {
            "Key": "aws-cdk:auto-delete-objects",
            "Value": "true",
          },
        ],
      },
      "Type": "AWS::S3::Bucket",
      "UpdateReplacePolicy": "Delete",
    },
    "PipelineArtifactBucketPolicyC0FB57EC": {
      "Properties": {
        "Bucket": {
          "Ref": "PipelineArtifactBucketD127CCF6",
        },
        "PolicyDocument": {
          "Statement": [
            {
              "Action": [
                "s3:PutBucketPolicy",
                "s3:GetBucket*",
                "s3:List*",
                "s3:DeleteObject*",
              ],
              "Effect": "Allow",
              "Principal": {
                "AWS": {
                  "Fn::GetAtt": [
                    "CustomS3AutoDeleteObjectsCustomResourceProviderRole3B1BD092",
                    "Arn",
                  ],
                },
              },
              "Resource": [
                {
                  "Fn::GetAtt": [
                    "PipelineArtifactBucketD127CCF6",
                    "Arn",
                  ],
                },
                {
                  "Fn::Join": [
                    "",
                    [
                      {
                        "Fn::GetAtt": [
                          "PipelineArtifactBucketD127CCF6",
                          "Arn",
                        ],
                      },
                      "/*",
                    ],
                  ],
                },
              ],
            },
          ],
          "Version": "2012-10-17",
        },
      },
      "Type": "AWS::S3::BucketPolicy",
    },
    "PipelineBuildCodePipelineActionRoleD77A08E6": {
      "Properties": {
        "AssumeRolePolicyDocument": {
          "Statement": [
            {
              "Action": "sts:AssumeRole",
              "Effect": "Allow",
              "Principal": {
                "AWS": {
                  "Fn::Join": [
                    "",
                    [
                      "arn:",
                      {
                        "Ref": "AWS::Partition",
                      },
                      ":iam::",
                      {
                        "Ref": "AWS::AccountId",
                      },
                      ":root",
                    ],
                  ],
                },
              },
            },
          ],
          "Version": "2012-10-17",
        },
      },
      "Type": "AWS::IAM::Role",
    },
    "PipelineBuildCodePipelineActionRoleDefaultPolicyC9CB73F8": {
      "Properties": {
        "PolicyDocument": {
          "Statement": [
            {
              "Action": [
                "codebuild:BatchGetBuilds",
                "codebuild:StartBuild",
                "codebuild:StopBuild",
              ],
              "Effect": "Allow",
              "Resource": {
                "Fn::GetAtt": [
                  "MyProject39F7B0AE",
                  "Arn",
                ],
              },
            },
          ],
          "Version": "2012-10-17",
        },
        "PolicyName": "PipelineBuildCodePipelineActionRoleDefaultPolicyC9CB73F8",
        "Roles": [
          {
            "Ref": "PipelineBuildCodePipelineActionRoleD77A08E6",
          },
        ],
      },
      "Type": "AWS::IAM::Policy",
    },
    "PipelineC660917D": {
      "DependsOn": [
        "PipelineRoleDefaultPolicyC7A05455",
        "PipelineRoleD68726F7",
      ],
      "Properties": {
        "ArtifactStore": {
          "Location": {
            "Ref": "PipelineArtifactBucketD127CCF6",
          },
          "Type": "S3",
        },
        "Name": "pipeline-name",
        "PipelineType": "V2",
        "RoleArn": {
          "Fn::GetAtt": [
            "PipelineRoleD68726F7",
            "Arn",
          ],
        },
        "Stages": [
          {
            "Actions": [
              {
                "ActionTypeId": {
                  "Category": "Source",
                  "Owner": "AWS",
                  "Provider": "CodeCommit",
                  "Version": "1",
                },
                "Configuration": {
                  "BranchName": "main",
                  "PollForSourceChanges": false,
                  "RepositoryName": "repository-name",
                },
                "Name": "Source",
                "OutputArtifacts": [
                  {
                    "Name": "SourceOutput",
                  },
                ],
                "RoleArn": {
                  "Fn::GetAtt": [
                    "PipelineSourceCodePipelineActionRoleC6F9E7F5",
                    "Arn",
                  ],
                },
                "RunOrder": 1,
              },
            ],
            "Name": "Source",
          },
          {
            "Actions": [
              {
                "ActionTypeId": {
                  "Category": "Build",
                  "Owner": "AWS",
                  "Provider": "CodeBuild",
                  "Version": "1",
                },
                "Configuration": {
                  "ProjectName": {
                    "Ref": "MyProject39F7B0AE",
                  },
                },
                "InputArtifacts": [
                  {
                    "Name": "SourceOutput",
                  },
                ],
                "Name": "Build",
                "OutputArtifacts": [
                  {
                    "Name": "BuildOutput",
                  },
                ],
                "RoleArn": {
                  "Fn::GetAtt": [
                    "PipelineBuildCodePipelineActionRoleD77A08E6",
                    "Arn",
                  ],
                },
                "RunOrder": 1,
              },
            ],
            "Name": "Build",
          },
        ],
      },
      "Type": "AWS::CodePipeline::Pipeline",
    },
    "PipelineEventsRole46BEEA7C": {
      "Properties": {
        "AssumeRolePolicyDocument": {
          "Statement": [
            {
              "Action": "sts:AssumeRole",
              "Effect": "Allow",
              "Principal": {
                "Service": "events.amazonaws.com",
              },
            },
          ],
          "Version": "2012-10-17",
        },
      },
      "Type": "AWS::IAM::Role",
    },
    "PipelineEventsRoleDefaultPolicyFF4FCCE0": {
      "Properties": {
        "PolicyDocument": {
          "Statement": [
            {
              "Action": "codepipeline:StartPipelineExecution",
              "Effect": "Allow",
              "Resource": {
                "Fn::Join": [
                  "",
                  [
                    "arn:",
                    {
                      "Ref": "AWS::Partition",
                    },
                    ":codepipeline:",
                    {
                      "Ref": "AWS::Region",
                    },
                    ":",
                    {
                      "Ref": "AWS::AccountId",
                    },
                    ":",
                    {
                      "Ref": "PipelineC660917D",
                    },
                  ],
                ],
              },
            },
          ],
          "Version": "2012-10-17",
        },
        "PolicyName": "PipelineEventsRoleDefaultPolicyFF4FCCE0",
        "Roles": [
          {
            "Ref": "PipelineEventsRole46BEEA7C",
          },
        ],
      },
      "Type": "AWS::IAM::Policy",
    },
    "PipelineRoleD68726F7": {
      "Properties": {
        "AssumeRolePolicyDocument": {
          "Statement": [
            {
              "Action": "sts:AssumeRole",
              "Effect": "Allow",
              "Principal": {
                "Service": "codepipeline.amazonaws.com",
              },
            },
          ],
          "Version": "2012-10-17",
        },
      },
      "Type": "AWS::IAM::Role",
    },
    "PipelineRoleDefaultPolicyC7A05455": {
      "Properties": {
        "PolicyDocument": {
          "Statement": [
            {
              "Action": [
                "s3:GetObject*",
                "s3:GetBucket*",
                "s3:List*",
                "s3:DeleteObject*",
                "s3:PutObject",
                "s3:PutObjectLegalHold",
                "s3:PutObjectRetention",
                "s3:PutObjectTagging",
                "s3:PutObjectVersionTagging",
                "s3:Abort*",
              ],
              "Effect": "Allow",
              "Resource": [
                {
                  "Fn::GetAtt": [
                    "PipelineArtifactBucketD127CCF6",
                    "Arn",
                  ],
                },
                {
                  "Fn::Join": [
                    "",
                    [
                      {
                        "Fn::GetAtt": [
                          "PipelineArtifactBucketD127CCF6",
                          "Arn",
                        ],
                      },
                      "/*",
                    ],
                  ],
                },
              ],
            },
            {
              "Action": "sts:AssumeRole",
              "Effect": "Allow",
              "Resource": {
                "Fn::GetAtt": [
                  "PipelineSourceCodePipelineActionRoleC6F9E7F5",
                  "Arn",
                ],
              },
            },
            {
              "Action": "sts:AssumeRole",
              "Effect": "Allow",
              "Resource": {
                "Fn::GetAtt": [
                  "PipelineBuildCodePipelineActionRoleD77A08E6",
                  "Arn",
                ],
              },
            },
          ],
          "Version": "2012-10-17",
        },
        "PolicyName": "PipelineRoleDefaultPolicyC7A05455",
        "Roles": [
          {
            "Ref": "PipelineRoleD68726F7",
          },
        ],
      },
      "Type": "AWS::IAM::Policy",
    },
    "PipelineSourceCodePipelineActionRoleC6F9E7F5": {
      "Properties": {
        "AssumeRolePolicyDocument": {
          "Statement": [
            {
              "Action": "sts:AssumeRole",
              "Effect": "Allow",
              "Principal": {
                "AWS": {
                  "Fn::Join": [
                    "",
                    [
                      "arn:",
                      {
                        "Ref": "AWS::Partition",
                      },
                      ":iam::",
                      {
                        "Ref": "AWS::AccountId",
                      },
                      ":root",
                    ],
                  ],
                },
              },
            },
          ],
          "Version": "2012-10-17",
        },
      },
      "Type": "AWS::IAM::Role",
    },
    "PipelineSourceCodePipelineActionRoleDefaultPolicy2D565925": {
      "Properties": {
        "PolicyDocument": {
          "Statement": [
            {
              "Action": [
                "s3:GetObject*",
                "s3:GetBucket*",
                "s3:List*",
                "s3:DeleteObject*",
                "s3:PutObject",
                "s3:PutObjectLegalHold",
                "s3:PutObjectRetention",
                "s3:PutObjectTagging",
                "s3:PutObjectVersionTagging",
                "s3:Abort*",
              ],
              "Effect": "Allow",
              "Resource": [
                {
                  "Fn::GetAtt": [
                    "PipelineArtifactBucketD127CCF6",
                    "Arn",
                  ],
                },
                {
                  "Fn::Join": [
                    "",
                    [
                      {
                        "Fn::GetAtt": [
                          "PipelineArtifactBucketD127CCF6",
                          "Arn",
                        ],
                      },
                      "/*",
                    ],
                  ],
                },
              ],
            },
            {
              "Action": [
                "codecommit:GetBranch",
                "codecommit:GetCommit",
                "codecommit:UploadArchive",
                "codecommit:GetUploadArchiveStatus",
                "codecommit:CancelUploadArchive",
              ],
              "Effect": "Allow",
              "Resource": {
                "Fn::Join": [
                  "",
                  [
                    "arn:",
                    {
                      "Ref": "AWS::Partition",
                    },
                    ":codecommit:",
                    {
                      "Ref": "AWS::Region",
                    },
                    ":",
                    {
                      "Ref": "AWS::AccountId",
                    },
                    ":repository-name",
                  ],
                ],
              },
            },
          ],
          "Version": "2012-10-17",
        },
        "PolicyName": "PipelineSourceCodePipelineActionRoleDefaultPolicy2D565925",
        "Roles": [
          {
            "Ref": "PipelineSourceCodePipelineActionRoleC6F9E7F5",
          },
        ],
      },
      "Type": "AWS::IAM::Policy",
    },
    "RepositoryCdkPipelineStackPipelineF78599D7mainEventRule1C16C793": {
      "Properties": {
        "EventPattern": {
          "detail": {
            "event": [
              "referenceCreated",
              "referenceUpdated",
            ],
            "referenceName": [
              {
                "prefix": "v",
              },
            ],
            "referenceType": [
              "tag",
            ],
          },
          "detail-type": [
            "CodeCommit Repository State Change",
          ],
          "resources": [
            {
              "Fn::Join": [
                "",
                [
                  "arn:",
                  {
                    "Ref": "AWS::Partition",
                  },
                  ":codecommit:",
                  {
                    "Ref": "AWS::Region",
                  },
                  ":",
                  {
                    "Ref": "AWS::AccountId",
                  },
                  ":repository-name",
                ],
              ],
            },
          ],
          "source": [
            "aws.codecommit",
          ],
        },
        "State": "ENABLED",
        "Targets": [
          {
            "Arn": {
              "Fn::Join": [
                "",
                [
                  "arn:",
                  {
                    "Ref": "AWS::Partition",
                  },
                  ":codepipeline:",
                  {
                    "Ref": "AWS::Region",
                  },
                  ":",
                  {
                    "Ref": "AWS::AccountId",
                  },
                  ":",
                  {
                    "Ref": "PipelineC660917D",
                  },
                ],
              ],
            },
            "Id": "Target0",
            "RoleArn": {
              "Fn::GetAtt": [
                "PipelineEventsRole46BEEA7C",
                "Arn",
              ],
            },
          },
        ],
      },
      "Type": "AWS::Events::Rule",
    },
  },
  "Rules": {
    "CheckBootstrapVersion": {
      "Assertions": [
        {
          "Assert": {
            "Fn::Not": [
              {
                "Fn::Contains": [
                  [
                    "1",
                    "2",
                    "3",
                    "4",
                    "5",
                  ],
                  {
                    "Ref": "BootstrapVersion",
                  },
                ],
              },
            ],
          },
          "AssertDescription": "CDK bootstrap stack version 6 required. Please run 'cdk bootstrap' with a recent version of the CDK CLI.",
        },
      ],
    },
  },
}
`;
